测试结果: 通过
测试用例数: 4
总耗时: 6ms
----------------------------
测试用例详细数据:
----------------------------
【测试event时序】: 通过 / 6ms
输出结果: ["ibb0","ib0","i0","1","2b","2","2a","3","4","5","1000"]

【测试all参数】: 通过 / 0ms
输出结果: [1,2]

【测试once参数】: 通过 / 0ms
输出结果: [1,2,3,1,3]

【测试index和indexBefore参数】: 通过 / 1ms
输出结果: [3,6,1,4,5,2,8,7]

